../Core/Src/main.c:125:6:TransUart2	24	static
../Core/Src/main.c:133:6:tangtoc	16	static
../Core/Src/main.c:146:6:giamtoc	16	static
../Core/Src/main.c:159:6:dung	8	static
../Core/Src/main.c:170:6:tien	8	static
../Core/Src/main.c:182:6:lui	8	static
../Core/Src/main.c:193:6:trai	8	static
../Core/Src/main.c:205:6:phai	8	static
../Core/Src/main.c:216:6:HAL_GPIO_EXTI_Callback	16	static
../Core/Src/main.c:242:5:main	144	static
../Core/Src/main.c:357:6:SystemClock_Config	80	static
../Core/Src/main.c:395:13:MX_TIM1_Init	96	static
../Core/Src/main.c:482:13:MX_USART2_UART_Init	8	static
../Core/Src/main.c:517:13:MX_GPIO_Init	56	static
../Core/Src/main.c:596:6:task1_function	40	static,ignoring_inline_asm
../Core/Src/main.c:636:6:task2_function	40	static,ignoring_inline_asm
../Core/Src/main.c:674:6:task3_function	40	static,ignoring_inline_asm
../Core/Src/main.c:712:6:task4_function	40	static,ignoring_inline_asm
../Core/Src/main.c:751:6:HAL_TIM_PeriodElapsedCallback	16	static
../Core/Src/main.c:768:6:Error_Handler	8	static,ignoring_inline_asm
